Tue Apr 15 00:21:28 2025 | {'status': 'PASS', 'signal_strength': 92}
FAIL | Strength: 64
PASS | Strength: 97
FAIL | Strength: 63
PASS | Strength: 93
FAIL | Strength: 64
FAIL | Strength: 65
PASS | Strength: 84
PASS | Strength: 73
FAIL | Strength: 70
FAIL | Strength: 66
FAIL | Strength: 60
PASS | Strength: 86
PASS | Strength: 95
PASS | Strength: 72
PASS | Strength: 83
FAIL | Strength: 62
